 Container fineract-poc-web-app-1 Stopping 
 Container fineract-poc-web-app-1 Stopped 
 Container fineract-poc-web-app-1 Removing 
 Container fineract-poc-web-app-1 Removed 
 Container fineract-poc-fineract-1 Stopping 
 Container fineract-poc-fineract-1 Stopped 
 Container fineract-poc-fineract-1 Removing 
 Container fineract-poc-fineract-1 Removed 
 Container fineract-poc-db-1 Stopping 
 Container fineract-poc-db-1 Stopped 
 Container fineract-poc-db-1 Removing 
 Container fineract-poc-db-1 Removed 
 Volume fineract-poc_pgdata Removing 
 Network fineract-poc_default Removing 
 Volume fineract-poc_pgdata Removed 
 Network fineract-poc_default Removed 
 Network fineract-poc_default Creating 
 Volume fineract-poc_pgdata Creating 
 Network fineract-poc_default Creating 
 Volume fineract-poc_pgdata Creating 
 Volume fineract-poc_pgdata Created 
 Volume fineract-poc_pgdata Created 
 Network fineract-poc_default Created 
 Network fineract-poc_default Created 
 Container fineract-poc-db-1 Creating 
 Container fineract-poc-db-1 Created 
 Container fineract-poc-fineract-1 Creating 
 Container fineract-poc-fineract-1 Created 
 Container fineract-poc-web-app-1 Creating 
 Container fineract-poc-web-app-1 Created 
 Container fineract-poc-db-1 Starting 
 Container fineract-poc-db-1 Started 
 Container fineract-poc-db-1 Waiting 
 Container fineract-poc-db-1 Healthy 
 Container fineract-poc-fineract-1 Starting 
 Container fineract-poc-fineract-1 Started 
 Container fineract-poc-fineract-1 Waiting 
 Container fineract-poc-fineract-1 Healthy 
 Container fineract-poc-web-app-1 Starting 
 Container fineract-poc-web-app-1 Started 
Disabled same-maker-checker configuration: enable-same-maker-checker
Seed complete: client 1, savings account 000000001, product 1.
Reset wall time: 00:01:11
